[0.152s] DEBUG:colcon:Command line arguments: ['/usr/bin/colcon', 'build', '--symlink-install']
[0.153s] DEBUG:colcon:Parsed command line arguments: Namespace(log_base=None, log_level=None, verb_name='build', build_base='build', install_base='install', merge_install=False, symlink_install=True, test_result_base=None, continue_on_error=False, executor='parallel', parallel_workers=12, event_handlers=None, ignore_user_meta=False, metas=['./colcon.meta'], base_paths=['.'], packages_ignore=None, packages_ignore_regex=None, paths=None, packages_up_to=None, packages_up_to_regex=None, packages_above=None, packages_above_and_dependencies=None, packages_above_depth=None, packages_select_by_dep=None, packages_skip_by_dep=None, packages_skip_up_to=None, packages_select_build_failed=False, packages_skip_build_finished=False, packages_select_test_failures=False, packages_skip_test_passed=False, packages_select=None, packages_skip=None, packages_select_regex=None, packages_skip_regex=None, packages_start=None, packages_end=None, allow_overriding=[], cmake_args=None, cmake_target=None, cmake_target_skip_unavailable=False, cmake_clean_cache=False, cmake_clean_first=False, cmake_force_configure=False, ament_cmake_args=None, catkin_cmake_args=None, catkin_skip_building_tests=False, mixin_files=None, mixin=None, verb_parser=<colcon_mixin.mixin.mixin_argument.MixinArgumentDecorator object at 0x7b3f58f8ab40>, verb_extension=<colcon_core.verb.build.BuildVerb object at 0x7b3f58f8a840>, main=<bound method BuildVerb.main of <colcon_core.verb.build.BuildVerb object at 0x7b3f58f8a840>>, mixin_verb=('build',))
[0.204s] Level 1:colcon.colcon_core.package_discovery:discover_packages(colcon_meta) check parameters
[0.204s] Level 1:colcon.colcon_core.package_discovery:discover_packages(recursive) check parameters
[0.204s] Level 1:colcon.colcon_core.package_discovery:discover_packages(ignore) check parameters
[0.204s] Level 1:colcon.colcon_core.package_discovery:discover_packages(path) check parameters
[0.204s] Level 1:colcon.colcon_core.package_discovery:discover_packages(colcon_meta) discover
[0.204s] Level 1:colcon.colcon_core.package_discovery:discover_packages(recursive) discover
[0.204s] INFO:colcon.colcon_core.package_discovery:Crawling recursively for packages in '/home/sebas/robot-arm-teleop/ros'
[0.204s] Level 1:colcon.colcon_core.package_identification:_identify(.) by extensions ['ignore', 'ignore_ament_install']
[0.204s] Level 1:colcon.colcon_core.package_identification:_identify(.) by extension 'ignore'
[0.204s] Level 1:colcon.colcon_core.package_identification:_identify(.) by extension 'ignore_ament_install'
[0.205s] Level 1:colcon.colcon_core.package_identification:_identify(.) by extensions ['colcon_pkg']
[0.205s] Level 1:colcon.colcon_core.package_identification:_identify(.) by extension 'colcon_pkg'
[0.205s] Level 1:colcon.colcon_core.package_identification:_identify(.) by extensions ['colcon_meta']
[0.205s] Level 1:colcon.colcon_core.package_identification:_identify(.) by extension 'colcon_meta'
[0.205s] Level 1:colcon.colcon_core.package_identification:_identify(.) by extensions ['ros']
[0.205s] Level 1:colcon.colcon_core.package_identification:_identify(.) by extension 'ros'
[0.239s] Level 1:colcon.colcon_core.package_identification:_identify(.) by extensions ['cmake', 'python']
[0.239s] Level 1:colcon.colcon_core.package_identification:_identify(.) by extension 'cmake'
[0.239s] Level 1:colcon.colcon_core.package_identification:_identify(.) by extension 'python'
[0.239s] Level 1:colcon.colcon_core.package_identification:_identify(.) by extensions ['python_setup_py']
[0.239s] Level 1:colcon.colcon_core.package_identification:_identify(.) by extension 'python_setup_py'
[0.239s] Level 1:colcon.colcon_core.package_identification:_identify(build) by extensions ['ignore', 'ignore_ament_install']
[0.239s] Level 1:colcon.colcon_core.package_identification:_identify(build) by extension 'ignore'
[0.239s] Level 1:colcon.colcon_core.package_identification:_identify(build) ignored
[0.240s] Level 1:colcon.colcon_core.package_identification:_identify(config) by extensions ['ignore', 'ignore_ament_install']
[0.240s] Level 1:colcon.colcon_core.package_identification:_identify(config) by extension 'ignore'
[0.240s] Level 1:colcon.colcon_core.package_identification:_identify(config) by extension 'ignore_ament_install'
[0.240s] Level 1:colcon.colcon_core.package_identification:_identify(config) by extensions ['colcon_pkg']
[0.240s] Level 1:colcon.colcon_core.package_identification:_identify(config) by extension 'colcon_pkg'
[0.240s] Level 1:colcon.colcon_core.package_identification:_identify(config) by extensions ['colcon_meta']
[0.240s] Level 1:colcon.colcon_core.package_identification:_identify(config) by extension 'colcon_meta'
[0.240s] Level 1:colcon.colcon_core.package_identification:_identify(config) by extensions ['ros']
[0.240s] Level 1:colcon.colcon_core.package_identification:_identify(config) by extension 'ros'
[0.240s] Level 1:colcon.colcon_core.package_identification:_identify(config) by extensions ['cmake', 'python']
[0.240s] Level 1:colcon.colcon_core.package_identification:_identify(config) by extension 'cmake'
[0.240s] Level 1:colcon.colcon_core.package_identification:_identify(config) by extension 'python'
[0.240s] Level 1:colcon.colcon_core.package_identification:_identify(config) by extensions ['python_setup_py']
[0.240s] Level 1:colcon.colcon_core.package_identification:_identify(config) by extension 'python_setup_py'
[0.241s] Level 1:colcon.colcon_core.package_identification:_identify(install) by extensions ['ignore', 'ignore_ament_install']
[0.241s] Level 1:colcon.colcon_core.package_identification:_identify(install) by extension 'ignore'
[0.241s] Level 1:colcon.colcon_core.package_identification:_identify(install) ignored
[0.241s] Level 1:colcon.colcon_core.package_identification:_identify(log) by extensions ['ignore', 'ignore_ament_install']
[0.241s] Level 1:colcon.colcon_core.package_identification:_identify(log) by extension 'ignore'
[0.241s] Level 1:colcon.colcon_core.package_identification:_identify(log) ignored
[0.241s] Level 1:colcon.colcon_core.package_identification:_identify(src) by extensions ['ignore', 'ignore_ament_install']
[0.241s] Level 1:colcon.colcon_core.package_identification:_identify(src) by extension 'ignore'
[0.241s] Level 1:colcon.colcon_core.package_identification:_identify(src) by extension 'ignore_ament_install'
[0.241s] Level 1:colcon.colcon_core.package_identification:_identify(src) by extensions ['colcon_pkg']
[0.241s] Level 1:colcon.colcon_core.package_identification:_identify(src) by extension 'colcon_pkg'
[0.242s] Level 1:colcon.colcon_core.package_identification:_identify(src) by extensions ['colcon_meta']
[0.242s] Level 1:colcon.colcon_core.package_identification:_identify(src) by extension 'colcon_meta'
[0.242s] Level 1:colcon.colcon_core.package_identification:_identify(src) by extensions ['ros']
[0.242s] Level 1:colcon.colcon_core.package_identification:_identify(src) by extension 'ros'
[0.242s] Level 1:colcon.colcon_core.package_identification:_identify(src) by extensions ['cmake', 'python']
[0.242s] Level 1:colcon.colcon_core.package_identification:_identify(src) by extension 'cmake'
[0.242s] Level 1:colcon.colcon_core.package_identification:_identify(src) by extension 'python'
[0.242s] Level 1:colcon.colcon_core.package_identification:_identify(src) by extensions ['python_setup_py']
[0.242s] Level 1:colcon.colcon_core.package_identification:_identify(src) by extension 'python_setup_py'
[0.242s] Level 1:colcon.colcon_core.package_identification:_identify(src/robot_arm_teleop) by extensions ['ignore', 'ignore_ament_install']
[0.242s] Level 1:colcon.colcon_core.package_identification:_identify(src/robot_arm_teleop) by extension 'ignore'
[0.242s] Level 1:colcon.colcon_core.package_identification:_identify(src/robot_arm_teleop) by extension 'ignore_ament_install'
[0.242s] Level 1:colcon.colcon_core.package_identification:_identify(src/robot_arm_teleop) by extensions ['colcon_pkg']
[0.242s] Level 1:colcon.colcon_core.package_identification:_identify(src/robot_arm_teleop) by extension 'colcon_pkg'
[0.243s] Level 1:colcon.colcon_core.package_identification:_identify(src/robot_arm_teleop) by extensions ['colcon_meta']
[0.243s] Level 1:colcon.colcon_core.package_identification:_identify(src/robot_arm_teleop) by extension 'colcon_meta'
[0.243s] Level 1:colcon.colcon_core.package_identification:_identify(src/robot_arm_teleop) by extensions ['ros']
[0.243s] Level 1:colcon.colcon_core.package_identification:_identify(src/robot_arm_teleop) by extension 'ros'
[0.246s] DEBUG:colcon.colcon_core.package_identification:Package 'src/robot_arm_teleop' with type 'ros.ament_python' and name 'robot_arm_teleop'
[0.246s] Level 1:colcon.colcon_core.package_discovery:discover_packages(recursive) using defaults
[0.246s] Level 1:colcon.colcon_core.package_discovery:discover_packages(ignore) discover
[0.246s] Level 1:colcon.colcon_core.package_discovery:discover_packages(ignore) using defaults
[0.246s] Level 1:colcon.colcon_core.package_discovery:discover_packages(path) discover
[0.246s] Level 1:colcon.colcon_core.package_discovery:discover_packages(path) using defaults
[0.269s] Level 1:colcon.colcon_core.package_discovery:discover_packages(prefix_path) check parameters
[0.269s] Level 1:colcon.colcon_core.package_discovery:discover_packages(prefix_path) discover
[0.270s] WARNING:colcon.colcon_ros.prefix_path.ament:The path '/home/sebas/robot-arm-teleop/ros/install/robot_arm_teleop' in the environment variable AMENT_PREFIX_PATH doesn't exist
[0.272s] DEBUG:colcon.colcon_installed_package_information.package_discovery:Found 0 installed packages in /home/sebas/robot-arm-teleop/ros/install
[0.272s] DEBUG:colcon.colcon_installed_package_information.package_discovery:Found 4 installed packages in /home/sebas/ros2_ws/install
[0.274s] DEBUG:colcon.colcon_installed_package_information.package_discovery:Found 289 installed packages in /opt/ros/jazzy
[0.276s] Level 1:colcon.colcon_core.package_discovery:discover_packages(prefix_path) using defaults
[0.339s] Level 5:colcon.colcon_core.verb:set package 'robot_arm_teleop' build argument 'cmake_args' from command line to 'None'
[0.339s] Level 5:colcon.colcon_core.verb:set package 'robot_arm_teleop' build argument 'cmake_target' from command line to 'None'
[0.339s] Level 5:colcon.colcon_core.verb:set package 'robot_arm_teleop' build argument 'cmake_target_skip_unavailable' from command line to 'False'
[0.339s] Level 5:colcon.colcon_core.verb:set package 'robot_arm_teleop' build argument 'cmake_clean_cache' from command line to 'False'
[0.339s] Level 5:colcon.colcon_core.verb:set package 'robot_arm_teleop' build argument 'cmake_clean_first' from command line to 'False'
[0.339s] Level 5:colcon.colcon_core.verb:set package 'robot_arm_teleop' build argument 'cmake_force_configure' from command line to 'False'
[0.339s] Level 5:colcon.colcon_core.verb:set package 'robot_arm_teleop' build argument 'ament_cmake_args' from command line to 'None'
[0.339s] Level 5:colcon.colcon_core.verb:set package 'robot_arm_teleop' build argument 'catkin_cmake_args' from command line to 'None'
[0.339s] Level 5:colcon.colcon_core.verb:set package 'robot_arm_teleop' build argument 'catkin_skip_building_tests' from command line to 'False'
[0.339s] DEBUG:colcon.colcon_core.verb:Building package 'robot_arm_teleop' with the following arguments: {'ament_cmake_args': None, 'build_base': '/home/sebas/robot-arm-teleop/ros/build/robot_arm_teleop', 'catkin_cmake_args': None, 'catkin_skip_building_tests': False, 'cmake_args': None, 'cmake_clean_cache': False, 'cmake_clean_first': False, 'cmake_force_configure': False, 'cmake_target': None, 'cmake_target_skip_unavailable': False, 'install_base': '/home/sebas/robot-arm-teleop/ros/install/robot_arm_teleop', 'merge_install': False, 'path': '/home/sebas/robot-arm-teleop/ros/src/robot_arm_teleop', 'symlink_install': True, 'test_result_base': None}
[0.339s] INFO:colcon.colcon_core.executor:Executing jobs using 'parallel' executor
[0.340s] DEBUG:colcon.colcon_parallel_executor.executor.parallel:run_until_complete
[0.341s] INFO:colcon.colcon_ros.task.ament_python.build:Building ROS package in '/home/sebas/robot-arm-teleop/ros/src/robot_arm_teleop' with build type 'ament_python'
[0.341s] Level 1:colcon.colcon_core.shell:create_environment_hook('robot_arm_teleop', 'ament_prefix_path')
[0.344s] INFO:colcon.colcon_core.plugin_system:Skipping extension 'colcon_core.shell.bat': Not used on non-Windows systems
[0.344s] INFO:colcon.colcon_core.shell:Creating environment hook '/home/sebas/robot-arm-teleop/ros/install/robot_arm_teleop/share/robot_arm_teleop/hook/ament_prefix_path.ps1'
[0.346s] INFO:colcon.colcon_core.shell:Creating environment descriptor '/home/sebas/robot-arm-teleop/ros/install/robot_arm_teleop/share/robot_arm_teleop/hook/ament_prefix_path.dsv'
[0.346s] INFO:colcon.colcon_core.shell:Creating environment hook '/home/sebas/robot-arm-teleop/ros/install/robot_arm_teleop/share/robot_arm_teleop/hook/ament_prefix_path.sh'
[0.347s] INFO:colcon.colcon_core.shell:Skip shell extension 'powershell' for command environment: Not usable outside of PowerShell
[0.347s] DEBUG:colcon.colcon_core.shell:Skip shell extension 'dsv' for command environment
[0.659s] INFO:colcon.colcon_core.task.python.build:Building Python package in '/home/sebas/robot-arm-teleop/ros/src/robot_arm_teleop'
[0.660s] INFO:colcon.colcon_core.shell:Skip shell extension 'powershell' for command environment: Not usable outside of PowerShell
[0.660s] DEBUG:colcon.colcon_core.shell:Skip shell extension 'dsv' for command environment
[1.642s] DEBUG:colcon.colcon_core.event_handler.log_command:Invoking command in '/home/sebas/robot-arm-teleop/ros/build/robot_arm_teleop': DEBUGINFOD_URLS=https://debuginfod.ubuntu.com PYTHONPATH=/home/sebas/robot-arm-teleop/ros/build/robot_arm_teleop/prefix_override:/usr/lib/python3/dist-packages/colcon_core/task/python/colcon_distutils_commands:/home/sebas/robot-arm-teleop/ros/install/robot_arm_teleop/lib/python3.12/site-packages:${PYTHONPATH} /usr/bin/python3 -W ignore:setup.py install is deprecated -W ignore:easy_install command is deprecated setup.py develop --editable --build-directory /home/sebas/robot-arm-teleop/ros/build/robot_arm_teleop/build --no-deps symlink_data
[2.684s] Level 1:colcon.colcon_core.shell:create_environment_hook('robot_arm_teleop', 'pythonpath_develop')
[2.684s] INFO:colcon.colcon_core.shell:Creating environment hook '/home/sebas/robot-arm-teleop/ros/build/robot_arm_teleop/share/robot_arm_teleop/hook/pythonpath_develop.ps1'
[2.685s] DEBUG:colcon.colcon_core.event_handler.log_command:Invoked command in '/home/sebas/robot-arm-teleop/ros/build/robot_arm_teleop' returned '0': DEBUGINFOD_URLS=https://debuginfod.ubuntu.com PYTHONPATH=/home/sebas/robot-arm-teleop/ros/build/robot_arm_teleop/prefix_override:/usr/lib/python3/dist-packages/colcon_core/task/python/colcon_distutils_commands:/home/sebas/robot-arm-teleop/ros/install/robot_arm_teleop/lib/python3.12/site-packages:${PYTHONPATH} /usr/bin/python3 -W ignore:setup.py install is deprecated -W ignore:easy_install command is deprecated setup.py develop --editable --build-directory /home/sebas/robot-arm-teleop/ros/build/robot_arm_teleop/build --no-deps symlink_data
[2.685s] INFO:colcon.colcon_core.shell:Creating environment descriptor '/home/sebas/robot-arm-teleop/ros/build/robot_arm_teleop/share/robot_arm_teleop/hook/pythonpath_develop.dsv'
[2.686s] INFO:colcon.colcon_core.shell:Creating environment hook '/home/sebas/robot-arm-teleop/ros/build/robot_arm_teleop/share/robot_arm_teleop/hook/pythonpath_develop.sh'
[2.689s] Level 1:colcon.colcon_core.environment:checking '/home/sebas/robot-arm-teleop/ros/install/robot_arm_teleop' for CMake module files
[2.689s] Level 1:colcon.colcon_core.environment:checking '/home/sebas/robot-arm-teleop/ros/install/robot_arm_teleop' for CMake config files
[2.690s] Level 1:colcon.colcon_core.environment:checking '/home/sebas/robot-arm-teleop/ros/install/robot_arm_teleop/lib'
[2.690s] Level 1:colcon.colcon_core.environment:checking '/home/sebas/robot-arm-teleop/ros/install/robot_arm_teleop/bin'
[2.691s] Level 1:colcon.colcon_core.environment:checking '/home/sebas/robot-arm-teleop/ros/install/robot_arm_teleop/lib/pkgconfig/robot_arm_teleop.pc'
[2.691s] Level 1:colcon.colcon_core.environment:checking '/home/sebas/robot-arm-teleop/ros/install/robot_arm_teleop/lib/python3.12/site-packages'
[2.691s] Level 1:colcon.colcon_core.shell:create_environment_hook('robot_arm_teleop', 'pythonpath')
[2.691s] INFO:colcon.colcon_core.shell:Creating environment hook '/home/sebas/robot-arm-teleop/ros/install/robot_arm_teleop/share/robot_arm_teleop/hook/pythonpath.ps1'
[2.692s] INFO:colcon.colcon_core.shell:Creating environment descriptor '/home/sebas/robot-arm-teleop/ros/install/robot_arm_teleop/share/robot_arm_teleop/hook/pythonpath.dsv'
[2.692s] INFO:colcon.colcon_core.shell:Creating environment hook '/home/sebas/robot-arm-teleop/ros/install/robot_arm_teleop/share/robot_arm_teleop/hook/pythonpath.sh'
[2.693s] Level 1:colcon.colcon_core.environment:checking '/home/sebas/robot-arm-teleop/ros/install/robot_arm_teleop/bin'
[2.693s] Level 1:colcon.colcon_core.environment:create_environment_scripts_only(robot_arm_teleop)
[2.693s] INFO:colcon.colcon_core.shell:Creating package script '/home/sebas/robot-arm-teleop/ros/install/robot_arm_teleop/share/robot_arm_teleop/package.ps1'
[2.694s] INFO:colcon.colcon_core.shell:Creating package descriptor '/home/sebas/robot-arm-teleop/ros/install/robot_arm_teleop/share/robot_arm_teleop/package.dsv'
[2.695s] INFO:colcon.colcon_core.shell:Creating package script '/home/sebas/robot-arm-teleop/ros/install/robot_arm_teleop/share/robot_arm_teleop/package.sh'
[2.696s] INFO:colcon.colcon_core.shell:Creating package script '/home/sebas/robot-arm-teleop/ros/install/robot_arm_teleop/share/robot_arm_teleop/package.bash'
[2.697s] INFO:colcon.colcon_core.shell:Creating package script '/home/sebas/robot-arm-teleop/ros/install/robot_arm_teleop/share/robot_arm_teleop/package.zsh'
[2.698s] Level 1:colcon.colcon_core.environment:create_file_with_runtime_dependencies(/home/sebas/robot-arm-teleop/ros/install/robot_arm_teleop/share/colcon-core/packages/robot_arm_teleop)
[2.698s] DEBUG:colcon.colcon_parallel_executor.executor.parallel:closing loop
[2.698s] DEBUG:colcon.colcon_parallel_executor.executor.parallel:loop closed
[2.698s] DEBUG:colcon.colcon_parallel_executor.executor.parallel:run_until_complete finished with '0'
[2.698s] DEBUG:colcon.colcon_core.event_reactor:joining thread
[2.707s] INFO:colcon.colcon_core.plugin_system:Skipping extension 'colcon_notification.desktop_notification.terminal_notifier': Not used on non-Darwin systems
[2.707s] INFO:colcon.colcon_core.plugin_system:Skipping extension 'colcon_notification.desktop_notification.win32': Not used on non-Windows systems
[2.707s] INFO:colcon.colcon_notification.desktop_notification:Sending desktop notification using 'notify2'
[2.725s] DEBUG:colcon.colcon_core.event_reactor:joined thread
[2.725s] INFO:colcon.colcon_core.shell:Creating prefix script '/home/sebas/robot-arm-teleop/ros/install/local_setup.ps1'
[2.726s] INFO:colcon.colcon_core.shell:Creating prefix util module '/home/sebas/robot-arm-teleop/ros/install/_local_setup_util_ps1.py'
[2.728s] INFO:colcon.colcon_core.shell:Creating prefix chain script '/home/sebas/robot-arm-teleop/ros/install/setup.ps1'
[2.729s] INFO:colcon.colcon_core.shell:Creating prefix script '/home/sebas/robot-arm-teleop/ros/install/local_setup.sh'
[2.730s] INFO:colcon.colcon_core.shell:Creating prefix util module '/home/sebas/robot-arm-teleop/ros/install/_local_setup_util_sh.py'
[2.731s] INFO:colcon.colcon_core.shell:Creating prefix chain script '/home/sebas/robot-arm-teleop/ros/install/setup.sh'
[2.732s] INFO:colcon.colcon_core.shell:Creating prefix script '/home/sebas/robot-arm-teleop/ros/install/local_setup.bash'
[2.733s] INFO:colcon.colcon_core.shell:Creating prefix chain script '/home/sebas/robot-arm-teleop/ros/install/setup.bash'
[2.735s] INFO:colcon.colcon_core.shell:Creating prefix script '/home/sebas/robot-arm-teleop/ros/install/local_setup.zsh'
[2.735s] INFO:colcon.colcon_core.shell:Creating prefix chain script '/home/sebas/robot-arm-teleop/ros/install/setup.zsh'
