running develop
running egg_info
creating robot_arm_teleop.egg-info
writing robot_arm_teleop.egg-info/PKG-INFO
writing dependency_links to robot_arm_teleop.egg-info/dependency_links.txt
writing entry points to robot_arm_teleop.egg-info/entry_points.txt
writing requirements to robot_arm_teleop.egg-info/requires.txt
writing top-level names to robot_arm_teleop.egg-info/top_level.txt
writing manifest file 'robot_arm_teleop.egg-info/SOURCES.txt'
reading manifest file 'robot_arm_teleop.egg-info/SOURCES.txt'
writing manifest file 'robot_arm_teleop.egg-info/SOURCES.txt'
running build_ext
Creating /home/sebas/robot-arm-teleop/ros/install/robot_arm_teleop/lib/python3.12/site-packages/robot-arm-teleop.egg-link (link to .)
Installing kinematics_node script to /home/sebas/robot-arm-teleop/ros/install/robot_arm_teleop/lib/robot_arm_teleop
Installing manipulator_node script to /home/sebas/robot-arm-teleop/ros/install/robot_arm_teleop/lib/robot_arm_teleop

Installed /home/sebas/robot-arm-teleop/ros/build/robot_arm_teleop
running symlink_data
creating /home/sebas/robot-arm-teleop/ros/install/robot_arm_teleop/share/ament_index
creating /home/sebas/robot-arm-teleop/ros/install/robot_arm_teleop/share/ament_index/resource_index
creating /home/sebas/robot-arm-teleop/ros/install/robot_arm_teleop/share/ament_index/resource_index/packages
symbolically linking /home/sebas/robot-arm-teleop/ros/build/robot_arm_teleop/resource/robot_arm_teleop -> /home/sebas/robot-arm-teleop/ros/install/robot_arm_teleop/share/ament_index/resource_index/packages
symbolically linking /home/sebas/robot-arm-teleop/ros/build/robot_arm_teleop/package.xml -> /home/sebas/robot-arm-teleop/ros/install/robot_arm_teleop/share/robot_arm_teleop
creating /home/sebas/robot-arm-teleop/ros/install/robot_arm_teleop/share/robot_arm_teleop/launch
symbolically linking /home/sebas/robot-arm-teleop/ros/build/robot_arm_teleop/launch/visual.launch.py -> /home/sebas/robot-arm-teleop/ros/install/robot_arm_teleop/share/robot_arm_teleop/launch
creating /home/sebas/robot-arm-teleop/ros/install/robot_arm_teleop/share/robot_arm_teleop/rviz
symbolically linking /home/sebas/robot-arm-teleop/ros/build/robot_arm_teleop/rviz/viewurdf.rviz -> /home/sebas/robot-arm-teleop/ros/install/robot_arm_teleop/share/robot_arm_teleop/rviz
symbolically linking /home/sebas/robot-arm-teleop/ros/build/robot_arm_teleop/rviz/ur10.rviz -> /home/sebas/robot-arm-teleop/ros/install/robot_arm_teleop/share/robot_arm_teleop/rviz
creating /home/sebas/robot-arm-teleop/ros/install/robot_arm_teleop/share/robot_arm_teleop/urdf
symbolically linking /home/sebas/robot-arm-teleop/ros/build/robot_arm_teleop/urdf/ur10e.urdf -> /home/sebas/robot-arm-teleop/ros/install/robot_arm_teleop/share/robot_arm_teleop/urdf
creating /home/sebas/robot-arm-teleop/ros/install/robot_arm_teleop/share/robot_arm_teleop/meshes
creating /home/sebas/robot-arm-teleop/ros/install/robot_arm_teleop/share/robot_arm_teleop/meshes/ur10e
creating /home/sebas/robot-arm-teleop/ros/install/robot_arm_teleop/share/robot_arm_teleop/meshes/ur10e/visual
symbolically linking /home/sebas/robot-arm-teleop/ros/build/robot_arm_teleop/meshes/ur10e/visual/wrist3.dae -> /home/sebas/robot-arm-teleop/ros/install/robot_arm_teleop/share/robot_arm_teleop/meshes/ur10e/visual
symbolically linking /home/sebas/robot-arm-teleop/ros/build/robot_arm_teleop/meshes/ur10e/visual/base.dae -> /home/sebas/robot-arm-teleop/ros/install/robot_arm_teleop/share/robot_arm_teleop/meshes/ur10e/visual
symbolically linking /home/sebas/robot-arm-teleop/ros/build/robot_arm_teleop/meshes/ur10e/visual/upperarm.dae -> /home/sebas/robot-arm-teleop/ros/install/robot_arm_teleop/share/robot_arm_teleop/meshes/ur10e/visual
symbolically linking /home/sebas/robot-arm-teleop/ros/build/robot_arm_teleop/meshes/ur10e/visual/forearm.dae -> /home/sebas/robot-arm-teleop/ros/install/robot_arm_teleop/share/robot_arm_teleop/meshes/ur10e/visual
symbolically linking /home/sebas/robot-arm-teleop/ros/build/robot_arm_teleop/meshes/ur10e/visual/wrist2.dae -> /home/sebas/robot-arm-teleop/ros/install/robot_arm_teleop/share/robot_arm_teleop/meshes/ur10e/visual
symbolically linking /home/sebas/robot-arm-teleop/ros/build/robot_arm_teleop/meshes/ur10e/visual/shoulder.dae -> /home/sebas/robot-arm-teleop/ros/install/robot_arm_teleop/share/robot_arm_teleop/meshes/ur10e/visual
symbolically linking /home/sebas/robot-arm-teleop/ros/build/robot_arm_teleop/meshes/ur10e/visual/wrist1.dae -> /home/sebas/robot-arm-teleop/ros/install/robot_arm_teleop/share/robot_arm_teleop/meshes/ur10e/visual
creating /home/sebas/robot-arm-teleop/ros/install/robot_arm_teleop/share/robot_arm_teleop/meshes/ur10e/collision
symbolically linking /home/sebas/robot-arm-teleop/ros/build/robot_arm_teleop/meshes/ur10e/collision/forearm.stl -> /home/sebas/robot-arm-teleop/ros/install/robot_arm_teleop/share/robot_arm_teleop/meshes/ur10e/collision
symbolically linking /home/sebas/robot-arm-teleop/ros/build/robot_arm_teleop/meshes/ur10e/collision/upperarm.stl -> /home/sebas/robot-arm-teleop/ros/install/robot_arm_teleop/share/robot_arm_teleop/meshes/ur10e/collision
symbolically linking /home/sebas/robot-arm-teleop/ros/build/robot_arm_teleop/meshes/ur10e/collision/base.stl -> /home/sebas/robot-arm-teleop/ros/install/robot_arm_teleop/share/robot_arm_teleop/meshes/ur10e/collision
symbolically linking /home/sebas/robot-arm-teleop/ros/build/robot_arm_teleop/meshes/ur10e/collision/wrist1.stl -> /home/sebas/robot-arm-teleop/ros/install/robot_arm_teleop/share/robot_arm_teleop/meshes/ur10e/collision
symbolically linking /home/sebas/robot-arm-teleop/ros/build/robot_arm_teleop/meshes/ur10e/collision/shoulder.stl -> /home/sebas/robot-arm-teleop/ros/install/robot_arm_teleop/share/robot_arm_teleop/meshes/ur10e/collision
symbolically linking /home/sebas/robot-arm-teleop/ros/build/robot_arm_teleop/meshes/ur10e/collision/wrist3.stl -> /home/sebas/robot-arm-teleop/ros/install/robot_arm_teleop/share/robot_arm_teleop/meshes/ur10e/collision
symbolically linking /home/sebas/robot-arm-teleop/ros/build/robot_arm_teleop/meshes/ur10e/collision/wrist2.stl -> /home/sebas/robot-arm-teleop/ros/install/robot_arm_teleop/share/robot_arm_teleop/meshes/ur10e/collision
creating /home/sebas/robot-arm-teleop/ros/install/robot_arm_teleop/share/robot_arm_teleop/config
symbolically linking /home/sebas/robot-arm-teleop/ros/build/robot_arm_teleop/config/ur10.yaml -> /home/sebas/robot-arm-teleop/ros/install/robot_arm_teleop/share/robot_arm_teleop/config
